// Jest Snapshot v1, https://goo.gl/fbAQLP

exports[`Link renders correctly 1`] = `
<button
  onClick={[Function]}
  type="button"
>
  Click
</button>
`;
